manifest should match snapshot:
  1: |
    apiVersion: rbac.authorization.k8s.io/v1
    kind: ClusterRole
    metadata:
      labels: null
      name: steadybit-extension-debug
    rules:
      - apiGroups:
          - apps
        resources:
          - deployments
          - replicasets
          - daemonsets
          - statefulsets
        verbs:
          - get
          - list
          - watch
      - apiGroups:
          - ""
        resources:
          - services
          - pods
          - nodes
          - events
          - pods/log
          - namespaces
        verbs:
          - get
          - list
          - watch
      - apiGroups:
          - ""
        resources:
          - pods/ephemeralcontainers
        verbs:
          - get
          - list
          - watch
          - patch
      - apiGroups:
          - autoscaling
        resources:
          - horizontalpodautoscalers
        verbs:
          - get
          - list
          - watch
      - apiGroups:
          - apps
        resources:
          - deployments/scale
        verbs:
          - get
      - apiGroups:
          - apps
        resources:
          - statefulsets/scale
        verbs:
          - get
      - apiGroups:
          - metrics.k8s.io
        resources:
          - pods
        verbs:
          - get
          - list
          - watch
