manifest should match snapshot using podAnnotations and Labels:
  1: |
    apiVersion: apps/v1
    kind: Deployment
    metadata:
      labels:
        steadybit.com/discovery-disabled: "true"
        steadybit.com/extension: "true"
      name: RELEASE-NAME-steadybit-extension-debug
      namespace: NAMESPACE
    spec:
      replicas: 1
      selector:
        matchLabels:
          app.kubernetes.io/instance: RELEASE-NAME
          app.kubernetes.io/name: steadybit-extension-debug
      template:
        metadata:
          annotations:
            oneagent.dynatrace.com/injection: "false"
            some-annotation: some-annotation-value
          labels:
            app.kubernetes.io/instance: RELEASE-NAME
            app.kubernetes.io/name: steadybit-extension-debug
            some-label: some-label-value
            steadybit.com/discovery-disabled: "true"
            steadybit.com/extension: "true"
        spec:
          automountServiceAccountToken: true
          containers:
            - env: null
              image: ghcr.io/steadybit/extension-debug:v0.0.0
              imagePullPolicy: IfNotPresent
              livenessProbe:
                failureThreshold: 5
                httpGet:
                  path: /health/liveness
                  port: 8081
                initialDelaySeconds: 10
                periodSeconds: 10
                successThreshold: 1
                timeoutSeconds: 5
              name: extension
              readinessProbe:
                failureThreshold: 3
                httpGet:
                  path: /health/readiness
                  port: 8081
                initialDelaySeconds: 10
                periodSeconds: 10
                successThreshold: 1
                timeoutSeconds: 1
              resources:
                limits:
                  cpu: 200m
                  memory: 128Mi
                requests:
                  cpu: 50m
                  memory: 32Mi
              securityContext:
                allowPrivilegeEscalation: false
                capabilities:
                  drop:
                    - ALL
                readOnlyRootFilesystem: true
                runAsGroup: 10000
                runAsNonRoot: true
                runAsUser: 10000
              volumeMounts:
                - mountPath: /tmp
                  name: tmp-dir
          serviceAccountName: steadybit-extension-debug
          volumes:
            - emptyDir: {}
              name: tmp-dir
manifest should match snapshot with TLS:
  1: |
    apiVersion: apps/v1
    kind: Deployment
    metadata:
      labels:
        steadybit.com/discovery-disabled: "true"
        steadybit.com/extension: "true"
      name: RELEASE-NAME-steadybit-extension-debug
      namespace: NAMESPACE
    spec:
      replicas: 1
      selector:
        matchLabels:
          app.kubernetes.io/instance: RELEASE-NAME
          app.kubernetes.io/name: steadybit-extension-debug
      template:
        metadata:
          annotations:
            oneagent.dynatrace.com/injection: "false"
          labels:
            app.kubernetes.io/instance: RELEASE-NAME
            app.kubernetes.io/name: steadybit-extension-debug
            steadybit.com/discovery-disabled: "true"
            steadybit.com/extension: "true"
        spec:
          automountServiceAccountToken: true
          containers:
            - env: null
              image: ghcr.io/steadybit/extension-debug:v0.0.0
              imagePullPolicy: IfNotPresent
              livenessProbe:
                failureThreshold: 5
                httpGet:
                  path: /health/liveness
                  port: 8081
                initialDelaySeconds: 10
                periodSeconds: 10
                successThreshold: 1
                timeoutSeconds: 5
              name: extension
              readinessProbe:
                failureThreshold: 3
                httpGet:
                  path: /health/readiness
                  port: 8081
                initialDelaySeconds: 10
                periodSeconds: 10
                successThreshold: 1
                timeoutSeconds: 1
              resources:
                limits:
                  cpu: 200m
                  memory: 128Mi
                requests:
                  cpu: 50m
                  memory: 32Mi
              securityContext:
                allowPrivilegeEscalation: false
                capabilities:
                  drop:
                    - ALL
                readOnlyRootFilesystem: true
                runAsGroup: 10000
                runAsNonRoot: true
                runAsUser: 10000
              volumeMounts:
                - mountPath: /tmp
                  name: tmp-dir
                - mountPath: /etc/extension/certificates/server-cert
                  name: certificate-server-cert
                  readOnly: true
          serviceAccountName: steadybit-extension-debug
          volumes:
            - emptyDir: {}
              name: tmp-dir
            - name: certificate-server-cert
              secret:
                optional: false
                secretName: server-cert
manifest should match snapshot with extra env vars:
  1: |
    apiVersion: apps/v1
    kind: Deployment
    metadata:
      labels:
        steadybit.com/discovery-disabled: "true"
        steadybit.com/extension: "true"
      name: RELEASE-NAME-steadybit-extension-debug
      namespace: NAMESPACE
    spec:
      replicas: 1
      selector:
        matchLabels:
          app.kubernetes.io/instance: RELEASE-NAME
          app.kubernetes.io/name: steadybit-extension-debug
      template:
        metadata:
          annotations:
            oneagent.dynatrace.com/injection: "false"
          labels:
            app.kubernetes.io/instance: RELEASE-NAME
            app.kubernetes.io/name: steadybit-extension-debug
            steadybit.com/discovery-disabled: "true"
            steadybit.com/extension: "true"
        spec:
          automountServiceAccountToken: true
          containers:
            - env: null
              envFrom:
                - configMapRef: null
                  name: env-configmap
                - name: env-secrets
                  secretRef: null
              image: ghcr.io/steadybit/extension-debug:v0.0.0
              imagePullPolicy: IfNotPresent
              livenessProbe:
                failureThreshold: 5
                httpGet:
                  path: /health/liveness
                  port: 8081
                initialDelaySeconds: 10
                periodSeconds: 10
                successThreshold: 1
                timeoutSeconds: 5
              name: extension
              readinessProbe:
                failureThreshold: 3
                httpGet:
                  path: /health/readiness
                  port: 8081
                initialDelaySeconds: 10
                periodSeconds: 10
                successThreshold: 1
                timeoutSeconds: 1
              resources:
                limits:
                  cpu: 200m
                  memory: 128Mi
                requests:
                  cpu: 50m
                  memory: 32Mi
              securityContext:
                allowPrivilegeEscalation: false
                capabilities:
                  drop:
                    - ALL
                readOnlyRootFilesystem: true
                runAsGroup: 10000
                runAsNonRoot: true
                runAsUser: 10000
              volumeMounts:
                - mountPath: /tmp
                  name: tmp-dir
          serviceAccountName: steadybit-extension-debug
          volumes:
            - emptyDir: {}
              name: tmp-dir
manifest should match snapshot with extra labels:
  1: |
    apiVersion: apps/v1
    kind: Deployment
    metadata:
      labels:
        steadybit.com/discovery-disabled: "true"
        steadybit.com/extension: "true"
        tags.datadoghq.com/service: steadybit-extension
      name: RELEASE-NAME-steadybit-extension-debug
      namespace: NAMESPACE
    spec:
      replicas: 1
      selector:
        matchLabels:
          app.kubernetes.io/instance: RELEASE-NAME
          app.kubernetes.io/name: steadybit-extension-debug
      template:
        metadata:
          annotations:
            oneagent.dynatrace.com/injection: "false"
          labels:
            app.kubernetes.io/instance: RELEASE-NAME
            app.kubernetes.io/name: steadybit-extension-debug
            steadybit.com/discovery-disabled: "true"
            steadybit.com/extension: "true"
            tags.datadoghq.com/service: steadybit-extension
        spec:
          automountServiceAccountToken: true
          containers:
            - env: null
              image: ghcr.io/steadybit/extension-debug:v0.0.0
              imagePullPolicy: IfNotPresent
              livenessProbe:
                failureThreshold: 5
                httpGet:
                  path: /health/liveness
                  port: 8081
                initialDelaySeconds: 10
                periodSeconds: 10
                successThreshold: 1
                timeoutSeconds: 5
              name: extension
              readinessProbe:
                failureThreshold: 3
                httpGet:
                  path: /health/readiness
                  port: 8081
                initialDelaySeconds: 10
                periodSeconds: 10
                successThreshold: 1
                timeoutSeconds: 1
              resources:
                limits:
                  cpu: 200m
                  memory: 128Mi
                requests:
                  cpu: 50m
                  memory: 32Mi
              securityContext:
                allowPrivilegeEscalation: false
                capabilities:
                  drop:
                    - ALL
                readOnlyRootFilesystem: true
                runAsGroup: 10000
                runAsNonRoot: true
                runAsUser: 10000
              volumeMounts:
                - mountPath: /tmp
                  name: tmp-dir
          serviceAccountName: steadybit-extension-debug
          volumes:
            - emptyDir: {}
              name: tmp-dir
manifest should match snapshot with mutual TLS:
  1: |
    apiVersion: apps/v1
    kind: Deployment
    metadata:
      labels:
        steadybit.com/discovery-disabled: "true"
        steadybit.com/extension: "true"
      name: RELEASE-NAME-steadybit-extension-debug
      namespace: NAMESPACE
    spec:
      replicas: 1
      selector:
        matchLabels:
          app.kubernetes.io/instance: RELEASE-NAME
          app.kubernetes.io/name: steadybit-extension-debug
      template:
        metadata:
          annotations:
            oneagent.dynatrace.com/injection: "false"
          labels:
            app.kubernetes.io/instance: RELEASE-NAME
            app.kubernetes.io/name: steadybit-extension-debug
            steadybit.com/discovery-disabled: "true"
            steadybit.com/extension: "true"
        spec:
          automountServiceAccountToken: true
          containers:
            - env: null
              image: ghcr.io/steadybit/extension-debug:v0.0.0
              imagePullPolicy: IfNotPresent
              livenessProbe:
                failureThreshold: 5
                httpGet:
                  path: /health/liveness
                  port: 8081
                initialDelaySeconds: 10
                periodSeconds: 10
                successThreshold: 1
                timeoutSeconds: 5
              name: extension
              readinessProbe:
                failureThreshold: 3
                httpGet:
                  path: /health/readiness
                  port: 8081
                initialDelaySeconds: 10
                periodSeconds: 10
                successThreshold: 1
                timeoutSeconds: 1
              resources:
                limits:
                  cpu: 200m
                  memory: 128Mi
                requests:
                  cpu: 50m
                  memory: 32Mi
              securityContext:
                allowPrivilegeEscalation: false
                capabilities:
                  drop:
                    - ALL
                readOnlyRootFilesystem: true
                runAsGroup: 10000
                runAsNonRoot: true
                runAsUser: 10000
              volumeMounts:
                - mountPath: /tmp
                  name: tmp-dir
                - mountPath: /etc/extension/certificates/client-cert-a
                  name: certificate-client-cert-a
                  readOnly: true
                - mountPath: /etc/extension/certificates/server-cert
                  name: certificate-server-cert
                  readOnly: true
          serviceAccountName: steadybit-extension-debug
          volumes:
            - emptyDir: {}
              name: tmp-dir
            - name: certificate-client-cert-a
              secret:
                optional: false
                secretName: client-cert-a
            - name: certificate-server-cert
              secret:
                optional: false
                secretName: server-cert
manifest should match snapshot with mutual TLS using containerPaths:
  1: |
    apiVersion: apps/v1
    kind: Deployment
    metadata:
      labels:
        steadybit.com/discovery-disabled: "true"
        steadybit.com/extension: "true"
      name: RELEASE-NAME-steadybit-extension-debug
      namespace: NAMESPACE
    spec:
      replicas: 1
      selector:
        matchLabels:
          app.kubernetes.io/instance: RELEASE-NAME
          app.kubernetes.io/name: steadybit-extension-debug
      template:
        metadata:
          annotations:
            oneagent.dynatrace.com/injection: "false"
          labels:
            app.kubernetes.io/instance: RELEASE-NAME
            app.kubernetes.io/name: steadybit-extension-debug
            steadybit.com/discovery-disabled: "true"
            steadybit.com/extension: "true"
        spec:
          automountServiceAccountToken: true
          containers:
            - env: null
              image: ghcr.io/steadybit/extension-debug:v0.0.0
              imagePullPolicy: IfNotPresent
              livenessProbe:
                failureThreshold: 5
                httpGet:
                  path: /health/liveness
                  port: 8081
                initialDelaySeconds: 10
                periodSeconds: 10
                successThreshold: 1
                timeoutSeconds: 5
              name: extension
              readinessProbe:
                failureThreshold: 3
                httpGet:
                  path: /health/readiness
                  port: 8081
                initialDelaySeconds: 10
                periodSeconds: 10
                successThreshold: 1
                timeoutSeconds: 1
              resources:
                limits:
                  cpu: 200m
                  memory: 128Mi
                requests:
                  cpu: 50m
                  memory: 32Mi
              securityContext:
                allowPrivilegeEscalation: false
                capabilities:
                  drop:
                    - ALL
                readOnlyRootFilesystem: true
                runAsGroup: 10000
                runAsNonRoot: true
                runAsUser: 10000
              volumeMounts:
                - mountPath: /tmp
                  name: tmp-dir
          serviceAccountName: steadybit-extension-debug
          volumes:
            - emptyDir: {}
              name: tmp-dir
manifest should match snapshot with podSecurityContext:
  1: |
    apiVersion: apps/v1
    kind: Deployment
    metadata:
      labels:
        steadybit.com/discovery-disabled: "true"
        steadybit.com/extension: "true"
      name: RELEASE-NAME-steadybit-extension-debug
      namespace: NAMESPACE
    spec:
      replicas: 1
      selector:
        matchLabels:
          app.kubernetes.io/instance: RELEASE-NAME
          app.kubernetes.io/name: steadybit-extension-debug
      template:
        metadata:
          annotations:
            oneagent.dynatrace.com/injection: "false"
          labels:
            app.kubernetes.io/instance: RELEASE-NAME
            app.kubernetes.io/name: steadybit-extension-debug
            steadybit.com/discovery-disabled: "true"
            steadybit.com/extension: "true"
        spec:
          automountServiceAccountToken: true
          containers:
            - env: null
              image: ghcr.io/steadybit/extension-debug:v0.0.0
              imagePullPolicy: IfNotPresent
              livenessProbe:
                failureThreshold: 5
                httpGet:
                  path: /health/liveness
                  port: 8081
                initialDelaySeconds: 10
                periodSeconds: 10
                successThreshold: 1
                timeoutSeconds: 5
              name: extension
              readinessProbe:
                failureThreshold: 3
                httpGet:
                  path: /health/readiness
                  port: 8081
                initialDelaySeconds: 10
                periodSeconds: 10
                successThreshold: 1
                timeoutSeconds: 1
              resources:
                limits:
                  cpu: 200m
                  memory: 128Mi
                requests:
                  cpu: 50m
                  memory: 32Mi
              securityContext:
                allowPrivilegeEscalation: false
                capabilities:
                  drop:
                    - ALL
                readOnlyRootFilesystem: true
                runAsGroup: 10000
                runAsNonRoot: true
                runAsUser: 10000
              volumeMounts:
                - mountPath: /tmp
                  name: tmp-dir
          securityContext:
            runAsUser: 2222
          serviceAccountName: steadybit-extension-debug
          volumes:
            - emptyDir: {}
              name: tmp-dir
manifest should match snapshot with priority class:
  1: |
    apiVersion: apps/v1
    kind: Deployment
    metadata:
      labels:
        steadybit.com/discovery-disabled: "true"
        steadybit.com/extension: "true"
      name: RELEASE-NAME-steadybit-extension-debug
      namespace: NAMESPACE
    spec:
      replicas: 1
      selector:
        matchLabels:
          app.kubernetes.io/instance: RELEASE-NAME
          app.kubernetes.io/name: steadybit-extension-debug
      template:
        metadata:
          annotations:
            oneagent.dynatrace.com/injection: "false"
          labels:
            app.kubernetes.io/instance: RELEASE-NAME
            app.kubernetes.io/name: steadybit-extension-debug
            steadybit.com/discovery-disabled: "true"
            steadybit.com/extension: "true"
        spec:
          automountServiceAccountToken: true
          containers:
            - env: null
              image: ghcr.io/steadybit/extension-debug:v0.0.0
              imagePullPolicy: IfNotPresent
              livenessProbe:
                failureThreshold: 5
                httpGet:
                  path: /health/liveness
                  port: 8081
                initialDelaySeconds: 10
                periodSeconds: 10
                successThreshold: 1
                timeoutSeconds: 5
              name: extension
              readinessProbe:
                failureThreshold: 3
                httpGet:
                  path: /health/readiness
                  port: 8081
                initialDelaySeconds: 10
                periodSeconds: 10
                successThreshold: 1
                timeoutSeconds: 1
              resources:
                limits:
                  cpu: 200m
                  memory: 128Mi
                requests:
                  cpu: 50m
                  memory: 32Mi
              securityContext:
                allowPrivilegeEscalation: false
                capabilities:
                  drop:
                    - ALL
                readOnlyRootFilesystem: true
                runAsGroup: 10000
                runAsNonRoot: true
                runAsUser: 10000
              volumeMounts:
                - mountPath: /tmp
                  name: tmp-dir
          priorityClassName: my-priority-class
          serviceAccountName: steadybit-extension-debug
          volumes:
            - emptyDir: {}
              name: tmp-dir
manifest should match snapshot without TLS:
  1: |
    apiVersion: apps/v1
    kind: Deployment
    metadata:
      labels:
        steadybit.com/discovery-disabled: "true"
        steadybit.com/extension: "true"
      name: RELEASE-NAME-steadybit-extension-debug
      namespace: NAMESPACE
    spec:
      replicas: 1
      selector:
        matchLabels:
          app.kubernetes.io/instance: RELEASE-NAME
          app.kubernetes.io/name: steadybit-extension-debug
      template:
        metadata:
          annotations:
            oneagent.dynatrace.com/injection: "false"
          labels:
            app.kubernetes.io/instance: RELEASE-NAME
            app.kubernetes.io/name: steadybit-extension-debug
            steadybit.com/discovery-disabled: "true"
            steadybit.com/extension: "true"
        spec:
          automountServiceAccountToken: true
          containers:
            - env: null
              image: ghcr.io/steadybit/extension-debug:v0.0.0
              imagePullPolicy: IfNotPresent
              livenessProbe:
                failureThreshold: 5
                httpGet:
                  path: /health/liveness
                  port: 8081
                initialDelaySeconds: 10
                periodSeconds: 10
                successThreshold: 1
                timeoutSeconds: 5
              name: extension
              readinessProbe:
                failureThreshold: 3
                httpGet:
                  path: /health/readiness
                  port: 8081
                initialDelaySeconds: 10
                periodSeconds: 10
                successThreshold: 1
                timeoutSeconds: 1
              resources:
                limits:
                  cpu: 200m
                  memory: 128Mi
                requests:
                  cpu: 50m
                  memory: 32Mi
              securityContext:
                allowPrivilegeEscalation: false
                capabilities:
                  drop:
                    - ALL
                readOnlyRootFilesystem: true
                runAsGroup: 10000
                runAsNonRoot: true
                runAsUser: 10000
              volumeMounts:
                - mountPath: /tmp
                  name: tmp-dir
          serviceAccountName: steadybit-extension-debug
          volumes:
            - emptyDir: {}
              name: tmp-dir
